// Jest Snapshot v1, https://goo.gl/fbAQLP

exports[`<NotFound /> it matches the snapshot 1`] = `undefined`;
