// Jest Snapshot v1, https://goo.gl/fbAQLP

exports[`<Table /> matches the snapshot 1`] = `undefined`;
