// Jest Snapshot v1, https://goo.gl/fbAQLP

exports[`<Kpis /> matches the snapshot 1`] = `undefined`;
