// Jest Snapshot v1, https://goo.gl/fbAQLP

exports[`<LoginForm /> it matches the snapshot 1`] = `undefined`;
