// Jest Snapshot v1, https://goo.gl/fbAQLP

exports[`<Footer /> it matches the snapshot 1`] = `
<div>
  <footer
    class="HvFooter-root"
  >
    <p
      class="HvFooter-name HvTypography-root HvTypography-highlightText"
    >
      Hitachi Vantara
    </p>
    <div
      class="HvFooter-rightContainer"
    >
      <p
        class="HvFooter-copyright HvTypography-root HvTypography-normalText"
      >
        Â© Hitachi Vantara Corporation 2020. All Rights Reserved.
      </p>
    </div>
  </footer>
</div>
`;
