// Jest Snapshot v1, https://goo.gl/fbAQLP

exports[`<BarChart /> matches the snapshot 1`] = `
<WithStyles(BarChart)>
  <BarChart
    classes={Object {}}
  />
</WithStyles(BarChart)>
`;
