// Jest Snapshot v1, https://goo.gl/fbAQLP

exports[`<Login /> it matches the snapshot 1`] = `undefined`;
