// Jest Snapshot v1, https://goo.gl/fbAQLP

exports[`<Message /> it matches the snapshot 1`] = `undefined`;
