// Jest Snapshot v1, https://goo.gl/fbAQLP

exports[`<RecoverForm /> it matches the snapshot 1`] = `undefined`;
