// Jest Snapshot v1, https://goo.gl/fbAQLP

exports[`<Overview /> it matches the snapshot 1`] = `undefined`;
