// Jest Snapshot v1, https://goo.gl/fbAQLP

exports[`withLayout is rendered correctly 1`] = `
<div>
  <div
    class="makeStyles-section-1"
  >
    <div
      class="MuiContainer-root-8 HvContainer-root makeStyles-container-2 makeStyles-notAuthed-3 MuiContainer-maxWidthXl-15 HvContainer-maxWidthXl"
    >
      <div />
    </div>
  </div>
</div>
`;

exports[`withLayout is rendered correctly 2`] = `
<div>
  <div
    class="makeStyles-section-1 makeStyles-hasFooter-5"
  >
    <div
      class="MuiContainer-root-8 HvContainer-root makeStyles-container-2 makeStyles-notAuthed-3 MuiContainer-maxWidthXl-15 HvContainer-maxWidthXl"
    >
      <div />
    </div>
  </div>
  <footer
    class="HvFooter-root"
  >
    <p
      class="HvFooter-name HvTypography-root HvTypography-highlightText"
    >
      Hitachi Vantara
    </p>
    <div
      class="HvFooter-rightContainer"
    >
      <p
        class="HvFooter-copyright HvTypography-root HvTypography-normalText"
      >
        Â© Hitachi Vantara Corporation 2021. All Rights Reserved.
      </p>
    </div>
  </footer>
</div>
`;
