// Jest Snapshot v1, https://goo.gl/fbAQLP

exports[`<Asset /> it matches the snapshot 1`] = `undefined`;
