// Jest Snapshot v1, https://goo.gl/fbAQLP

exports[`<Header /> it matches the snapshot 1`] = `undefined`;
