// Jest Snapshot v1, https://goo.gl/fbAQLP

exports[`<VerticalNavigation /> renders the component 1`] = `
<body
  class="js-focus-within"
>
  <div />
</body>
`;
